// Jest Snapshot v1, https://goo.gl/fbAQLP

exports[`Edit screen renders correctly 1`] = `
<View
  style={
    {
      "backgroundColor": "#FFF",
      "flex": 1,
      "paddingTop": 60,
    }
  }
>
  <View
    style={
      {
        "backgroundColor": "#6c47ff",
        "height": 80,
        "marginBottom": 50,
        "marginTop": -50,
        "width": 750,
      }
    }
  />
  <View
    style={
      {
        "position": "absolute",
        "top": 50,
        "width": 750,
      }
    }
  >
    <View
      style={
        {
          "alignItems": "center",
          "flexDirection": "row",
          "justifyContent": "center",
          "position": "relative",
        }
      }
    >
      <View
        accessibilityState={
          {
            "busy": undefined,
            "checked": undefined,
            "disabled": undefined,
            "expanded": undefined,
            "selected": undefined,
          }
        }
        accessibilityValue={
          {
            "max": undefined,
            "min": undefined,
            "now": undefined,
            "text": undefined,
          }
        }
        accessible={true}
        collapsable={false}
        focusable={true}
        onBlur={[Function]}
        onClick={[Function]}
        onFocus={[Function]}
        onResponderGrant={[Function]}
        onResponderMove={[Function]}
        onResponderRelease={[Function]}
        onResponderTerminate={[Function]}
        onResponderTerminationRequest={[Function]}
        onStartShouldSetResponder={[Function]}
        style={
          {
            "height": "100%",
            "left": 0,
            "position": "absolute",
            "top": 0,
            "width": 100,
          }
        }
      >
        <Text />
      </View>
      <Text
        style={
          {
            "color": "#FFF",
            "fontSize": 24,
            "fontStyle": "italic",
            "fontWeight": "800",
            "marginRight": 20,
            "textAlign": "center",
          }
        }
      >
        Edit Inventory
      </Text>
    </View>
  </View>
  <Text
    style={
      {
        "color": "#606060",
        "fontSize": 16,
        "fontWeight": "600",
        "marginBottom": 10,
        "marginTop": -20,
        "textAlign": "center",
      }
    }
  >
    Edit this item in your inventory
  </Text>
  <View
    style={
      {
        "flexDirection": "column",
      }
    }
  >
    <View
      style={
        {
          "marginBottom": 8,
          "marginHorizontal": 20,
          "marginTop": 14,
        }
      }
    >
      <Text
        style={
          {
            "color": "#000",
            "fontWeight": "600",
            "paddingBottom": 8,
          }
        }
      >
        Item Name
      </Text>
      <TextInput
        defaultValue=""
        keyboardType="default"
        onChangeText={[Function]}
        placeholder="Your item name"
        placeholderTextColor="#A6A6A6"
        selectionColor="#A6A6A6"
        style={
          {
            "backgroundColor": "#F9F9F9",
            "borderColor": "#CCC9C9",
            "borderRadius": 6,
            "borderWidth": 1,
            "color": "#A6A6A6",
            "fontSize": 15,
            "fontWeight": "500",
            "paddingHorizontal": 16,
            "paddingVertical": 12,
          }
        }
      />
    </View>
    <View
      style={
        {
          "marginBottom": 8,
          "marginHorizontal": 20,
          "marginTop": 14,
        }
      }
    >
      <Text
        style={
          {
            "color": "#000",
            "fontWeight": "600",
            "paddingBottom": 8,
          }
        }
      >
        Total Stock
      </Text>
      <TextInput
        defaultValue=""
        keyboardType="numeric"
        onChangeText={[Function]}
        placeholder="Your item's total stock"
        placeholderTextColor="#A6A6A6"
        selectionColor="#A6A6A6"
        style={
          {
            "backgroundColor": "#F9F9F9",
            "borderColor": "#CCC9C9",
            "borderRadius": 6,
            "borderWidth": 1,
            "color": "#A6A6A6",
            "fontSize": 15,
            "fontWeight": "500",
            "paddingHorizontal": 16,
            "paddingVertical": 12,
          }
        }
      />
    </View>
    <View
      style={
        {
          "marginBottom": 8,
          "marginHorizontal": 20,
          "marginTop": 14,
        }
      }
    >
      <Text
        style={
          {
            "color": "#000",
            "fontWeight": "600",
            "paddingBottom": 8,
          }
        }
      >
        Item Price
      </Text>
      <TextInput
        defaultValue=""
        keyboardType="numeric"
        onChangeText={[Function]}
        placeholder="Your item's price"
        placeholderTextColor="#A6A6A6"
        selectionColor="#A6A6A6"
        style={
          {
            "backgroundColor": "#F9F9F9",
            "borderColor": "#CCC9C9",
            "borderRadius": 6,
            "borderWidth": 1,
            "color": "#A6A6A6",
            "fontSize": 15,
            "fontWeight": "500",
            "paddingHorizontal": 16,
            "paddingVertical": 12,
          }
        }
      />
    </View>
    <View
      style={
        {
          "marginBottom": 8,
          "marginHorizontal": 20,
          "marginTop": 14,
        }
      }
    >
      <Text
        style={
          {
            "color": "#000",
            "fontWeight": "600",
            "paddingBottom": 8,
          }
        }
      >
        Item Description
      </Text>
      <TextInput
        defaultValue=""
        keyboardType="default"
        onChangeText={[Function]}
        placeholder="Describe your item"
        placeholderTextColor="#A6A6A6"
        selectionColor="#A6A6A6"
        style={
          {
            "backgroundColor": "#F9F9F9",
            "borderColor": "#CCC9C9",
            "borderRadius": 6,
            "borderWidth": 1,
            "color": "#A6A6A6",
            "fontSize": 15,
            "fontWeight": "500",
            "paddingHorizontal": 16,
            "paddingVertical": 12,
          }
        }
      />
    </View>
    <View
      accessibilityState={
        {
          "busy": undefined,
          "checked": undefined,
          "disabled": undefined,
          "expanded": undefined,
          "selected": undefined,
        }
      }
      accessibilityValue={
        {
          "max": undefined,
          "min": undefined,
          "now": undefined,
          "text": undefined,
        }
      }
      accessible={true}
      collapsable={false}
      focusable={true}
      onClick={[Function]}
      onResponderGrant={[Function]}
      onResponderMove={[Function]}
      onResponderRelease={[Function]}
      onResponderTerminate={[Function]}
      onResponderTerminationRequest={[Function]}
      onStartShouldSetResponder={[Function]}
      style={
        {
          "alignItems": "center",
          "alignSelf": "center",
          "backgroundColor": "#0386D0",
          "borderRadius": 27,
          "height": 45,
          "justifyContent": "center",
          "marginTop": 52,
          "opacity": 1,
          "width": 151,
        }
      }
    >
      <Text
        style={
          {
            "color": "#FFF",
            "fontSize": 14,
          }
        }
      >
        Save
      </Text>
    </View>
    <View
      accessibilityState={
        {
          "busy": undefined,
          "checked": undefined,
          "disabled": undefined,
          "expanded": undefined,
          "selected": undefined,
        }
      }
      accessibilityValue={
        {
          "max": undefined,
          "min": undefined,
          "now": undefined,
          "text": undefined,
        }
      }
      accessible={true}
      collapsable={false}
      focusable={true}
      onClick={[Function]}
      onResponderGrant={[Function]}
      onResponderMove={[Function]}
      onResponderRelease={[Function]}
      onResponderTerminate={[Function]}
      onResponderTerminationRequest={[Function]}
      onStartShouldSetResponder={[Function]}
      style={
        {
          "alignItems": "center",
          "alignSelf": "center",
          "backgroundColor": "red",
          "borderRadius": 6,
          "height": 32,
          "justifyContent": "center",
          "marginTop": 32,
          "opacity": 1,
          "width": 112,
        }
      }
    >
      <Text
        style={
          {
            "color": "#FFF",
            "fontSize": 14,
          }
        }
      >
        Delete Item
      </Text>
    </View>
  </View>
  <Modal
    animationType="fade"
    hardwareAccelerated={false}
    onRequestClose={[Function]}
    transparent={true}
    visible={false}
  />
</View>
`;
