// Jest Snapshot v1, https://goo.gl/fbAQLP

exports[`HomeScreen renders correctly 1`] = `
<View
  style={
    {
      "backgroundColor": "#fff",
      "flex": 1,
      "flexDirection": "column",
      "paddingTop": 60,
      "position": "relative",
    }
  }
>
  <View
    style={
      {
        "backgroundColor": "#6c47ff",
        "height": 80,
        "marginBottom": 50,
        "marginTop": -50,
        "width": 750,
      }
    }
  />
  <View
    style={
      {
        "position": "absolute",
        "top": 50,
        "width": 750,
      }
    }
  >
    <View
      style={
        {
          "alignItems": "center",
          "flexDirection": "row",
          "justifyContent": "space-between",
        }
      }
    >
      <Text
        style={
          {
            "color": "#FFF",
            "fontSize": 24,
            "fontStyle": "italic",
            "fontWeight": "800",
            "marginLeft": 20,
          }
        }
      >
        InventoryIO
      </Text>
      <View
        accessibilityState={
          {
            "busy": undefined,
            "checked": undefined,
            "disabled": undefined,
            "expanded": undefined,
            "selected": undefined,
          }
        }
        accessibilityValue={
          {
            "max": undefined,
            "min": undefined,
            "now": undefined,
            "text": undefined,
          }
        }
        accessible={true}
        collapsable={false}
        focusable={true}
        onBlur={[Function]}
        onClick={[Function]}
        onFocus={[Function]}
        onResponderGrant={[Function]}
        onResponderMove={[Function]}
        onResponderRelease={[Function]}
        onResponderTerminate={[Function]}
        onResponderTerminationRequest={[Function]}
        onStartShouldSetResponder={[Function]}
        style={
          {
            "marginRight": 10,
          }
        }
      >
        <Text />
      </View>
    </View>
  </View>
  <View
    style={
      {
        "flex": 1,
        "paddingHorizontal": 20,
      }
    }
  >
    <View
      style={
        {
          "alignItems": "center",
          "flexDirection": "column",
          "justifyContent": "center",
          "marginTop": 52,
        }
      }
    >
      <Text
        style={
          {
            "color": "#000",
            "fontSize": 13,
            "textAlign": "center",
            "width": 202,
          }
        }
      >
        You currently donâ€™t have any item in your inventory.
      </Text>
      <View
        accessibilityRole="link"
        accessibilityState={
          {
            "busy": undefined,
            "checked": undefined,
            "disabled": undefined,
            "expanded": undefined,
            "selected": undefined,
          }
        }
        accessibilityValue={
          {
            "max": undefined,
            "min": undefined,
            "now": undefined,
            "text": undefined,
          }
        }
        accessible={true}
        collapsable={false}
        focusable={true}
        onClick={[Function]}
        onResponderGrant={[Function]}
        onResponderMove={[Function]}
        onResponderRelease={[Function]}
        onResponderTerminate={[Function]}
        onResponderTerminationRequest={[Function]}
        onStartShouldSetResponder={[Function]}
        style={
          {
            "alignSelf": "center",
            "backgroundColor": "#0386D0",
            "borderRadius": 8,
            "marginTop": 24,
            "opacity": 1,
            "paddingHorizontal": 16,
            "paddingVertical": 12,
          }
        }
      >
        <Text
          style={
            {
              "color": "#fff",
              "fontSize": 12,
            }
          }
        >
          Add item to inventory
        </Text>
      </View>
    </View>
  </View>
</View>
`;
