// Jest Snapshot v1, https://goo.gl/fbAQLP

exports[`LoginScreen renders correctly 1`] = `
<View
  style={
    {
      "alignItems": "center",
      "backgroundColor": "#fff",
      "flex": 1,
      "flexDirection": "column",
      "paddingHorizontal": 20,
      "paddingTop": 50,
    }
  }
>
  <View
    style={
      {
        "backgroundColor": "#6c47ff",
        "height": 80,
        "marginBottom": 50,
        "marginTop": -50,
        "width": 750,
      }
    }
  />
  <ViewManagerAdapter_ExpoImage
    contentFit="cover"
    contentPosition={
      {
        "left": "50%",
        "top": "50%",
      }
    }
    height={147}
    marginBottom={20}
    onError={[Function]}
    onLoad={[Function]}
    onLoadStart={[Function]}
    onProgress={[Function]}
    placeholder={[]}
    source={[]}
    style={
      {
        "height": 147,
        "marginBottom": 20,
        "width": "100%",
      }
    }
    transition={
      {
        "duration": 1000,
      }
    }
    width="100%"
  />
  <View
    style={
      {
        "flexDirection": "column",
        "justifyContent": "center",
      }
    }
  >
    <Text
      style={
        {
          "color": "#000",
          "fontSize": 21,
          "marginVertical": 10,
          "textAlign": "center",
        }
      }
    >
      Welcome
    </Text>
    <Text
      style={
        {
          "color": "#000",
          "fontSize": 16,
          "lineHeight": 29,
          "textAlign": "center",
        }
      }
    >
      By signing in you agree to our
    </Text>
    <Text
      style={
        {
          "color": "#0386D0",
          "fontSize": 16,
          "lineHeight": 29,
          "marginBottom": 12,
          "textAlign": "center",
        }
      }
    >
      Term and privacy policy
    </Text>
    <View
      style={
        {
          "alignItems": "center",
          "backgroundColor": "#F9F9F9",
          "borderColor": "#CCC9C9",
          "borderRadius": 9,
          "borderWidth": 1,
          "flexDirection": "row",
          "height": 47,
          "justifyContent": "space-between",
          "marginHorizontal": 20,
          "marginTop": 20,
          "paddingLeft": 20,
          "paddingRight": 40,
        }
      }
    >
      <TextInput
        keyboardType="email-address"
        onChangeText={[Function]}
        placeholder="Email Address"
        placeholderTextColor="#C4C4C4"
        selectionColor="#CCC9C9"
        style={
          {
            "color": "#000",
            "fontSize": 15,
            "height": "100%",
            "width": "100%",
          }
        }
      />
      <Text />
    </View>
    <View
      style={
        {
          "alignItems": "center",
          "backgroundColor": "#F9F9F9",
          "borderColor": "#CCC9C9",
          "borderRadius": 9,
          "borderWidth": 1,
          "flexDirection": "row",
          "height": 47,
          "justifyContent": "space-between",
          "marginHorizontal": 20,
          "marginTop": 20,
          "paddingLeft": 20,
          "paddingRight": 40,
        }
      }
    >
      <TextInput
        autoComplete="password"
        keyboardType="default"
        onChangeText={[Function]}
        placeholder="Password"
        placeholderTextColor="#C4C4C4"
        returnKeyType="send"
        secureTextEntry={true}
        selectionColor="#CCC9C9"
        style={
          {
            "color": "#000",
            "fontSize": 15,
            "height": "100%",
            "width": "100%",
          }
        }
      />
      <View
        accessibilityState={
          {
            "busy": undefined,
            "checked": undefined,
            "disabled": undefined,
            "expanded": undefined,
            "selected": undefined,
          }
        }
        accessibilityValue={
          {
            "max": undefined,
            "min": undefined,
            "now": undefined,
            "text": undefined,
          }
        }
        accessible={true}
        collapsable={false}
        focusable={true}
        onBlur={[Function]}
        onClick={[Function]}
        onFocus={[Function]}
        onResponderGrant={[Function]}
        onResponderMove={[Function]}
        onResponderRelease={[Function]}
        onResponderTerminate={[Function]}
        onResponderTerminationRequest={[Function]}
        onStartShouldSetResponder={[Function]}
      >
        <Text />
      </View>
    </View>
    <View
      accessibilityState={
        {
          "busy": undefined,
          "checked": undefined,
          "disabled": undefined,
          "expanded": undefined,
          "selected": undefined,
        }
      }
      accessibilityValue={
        {
          "max": undefined,
          "min": undefined,
          "now": undefined,
          "text": undefined,
        }
      }
      accessible={true}
      collapsable={false}
      focusable={false}
      onClick={[Function]}
      onResponderGrant={[Function]}
      onResponderMove={[Function]}
      onResponderRelease={[Function]}
      onResponderTerminate={[Function]}
      onResponderTerminationRequest={[Function]}
      onStartShouldSetResponder={[Function]}
      style={
        {
          "alignItems": "center",
          "alignSelf": "center",
          "backgroundColor": "#0386D0",
          "borderRadius": 27,
          "height": 45,
          "justifyContent": "center",
          "marginTop": 52,
          "opacity": 1,
          "width": 151,
        }
      }
    >
      <Text
        style={
          {
            "color": "#FFF",
            "fontSize": 14,
          }
        }
      >
        Login
      </Text>
    </View>
  </View>
</View>
`;
